
> lumi-frontend@0.1.0 build
> next build

Γû▓ Next.js 16.1.1 (Turbopack)
- Environments: .env

  Creating an optimized production build ...
Γ£ô Compiled successfully in 4.2s
  Running TypeScript ...
  Collecting page data using 35 workers ...
  Generating static pages using 35 workers (0/13) ...
node.exe : Γ¿» useSearchParams() should be wrapped in a suspense boundary at page 
"/profile". Read more: https://nextjs.org/docs/messages/missing-suspense-with-csr-bailout
At line:1 char:1
+ & "C:\Program Files\nodejs/node.exe" "C:\Users\Administrator\AppData\ ...
+ ~~~~~~~~~~~~~~~~~~~~~~~~~~~~~~~~~~~~~~~~~~~~~~~~~~~~~~~~~~~~~~~~~~~~~
    + CategoryInfo          : NotSpecified: (Γ¿» useSearchPa...ith-csr-bailout:String) [],  
   RemoteException
    + FullyQualifiedErrorId : NativeCommandError
 
    at Q 
(C:\lumi\lumi-frontend\.next\server\chunks\ssr\[root-of-the-server]__c65f24ce._.js:2:2111)
    at o 
(C:\lumi\lumi-frontend\.next\server\chunks\ssr\[root-of-the-server]__c65f24ce._.js:4:5284)
    at ac (C:\lumi\lumi-frontend\.next\server\chunks\ssr\_7c9ecf02._.js:3:32012)
    at an (C:\lumi\lumi-frontend\node_modules\next\dist\compiled\next-server\app-page-turbo.
runtime.prod.js:2:84360)
    at ai (C:\lumi\lumi-frontend\node_modules\next\dist\compiled\next-server\app-page-turbo.
runtime.prod.js:2:86179)
    at al (C:\lumi\lumi-frontend\node_modules\next\dist\compiled\next-server\app-page-turbo.
runtime.prod.js:2:107953)
    at as (C:\lumi\lumi-frontend\node_modules\next\dist\compiled\next-server\app-page-turbo.
runtime.prod.js:2:105368)
    at am (C:\lumi\lumi-frontend\node_modules\next\dist\compiled\next-server\app-page-turbo.
runtime.prod.js:2:112882)
    at ai (C:\lumi\lumi-frontend\node_modules\next\dist\compiled\next-server\app-page-turbo.
runtime.prod.js:2:98808)
    at al (C:\lumi\lumi-frontend\node_modules\next\dist\compiled\next-server\app-page-turbo.
runtime.prod.js:2:107953)
Error occurred prerendering page "/profile". Read more: 
https://nextjs.org/docs/messages/prerender-error
Export encountered an error on /profile/page: /profile, exiting the build.
Γ¿» Next.js build worker exited with code: 1 and signal: null
